// Jest Snapshot v1, https://goo.gl/fbAQLP

exports[`<LeadGenThankYou /> renders without errors 1`] = `
<div
  className="container"
>
  <h4
    className="heading"
    data-id="leadgen_confirmation_heading"
  >
    <p>
      Thank you, your finance
      <br />
      application has been received
    </p>
  </h4>
  <div>
    <h4
      className="headingLine"
    >
      What happens next?
    </h4>
    <ol
      className="list"
    >
      <li
        className="listItem"
        key="Our team of experts will check for the best available rates for you from our panel of lenders"
      >
        Our team of experts will check for the best available rates for you from our panel of lenders
      </li>
      <li
        className="listItem"
        key="You can book your appointment with the dealer and confirm whether you wish to purchase the car"
      >
        You can book your appointment with the dealer and confirm whether you wish to purchase the car
      </li>
      <li
        className="listItem"
        key="We will contact you to discuss your finance and send your application to the lender for approval"
      >
        We will contact you to discuss your finance and send your application to the lender for approval
      </li>
      <li
        className="listItem"
        key="If you are happy with the terms, complete a quick ID verification and sign your finance agreement to proceed"
      >
        If you are happy with the terms, complete a quick ID verification and sign your finance agreement to proceed
      </li>
      <li
        className="listItem"
        key="We will then make the final payment to the dealer and you can collect your car"
      >
        We will then make the final payment to the dealer and you can collect your car
      </li>
    </ol>
  </div>
  <div
    className="info"
  >
    <h5
      className="subHeading"
    >
      Why finance with Buyacar?
    </h5>
    <p>
      Buyacar can offer low interest finance; this often means that you can take advantage of lower monthly payments than you'd get with a finance offer from another lender with a higher APR figure.
    </p>
    <p>
      Read more about the benefits of financing your car with us 
      <a
        className="link"
        href="/car-finance/1474/the-best-ways-to-finance-a-car"
        rel="noreferrer"
        target="_blank"
      >
        here
      </a>
    </p>
  </div>
</div>
`;
