// Jest Snapshot v1, https://goo.gl/fbAQLP

exports[`<InputPassword /> renders without errors 1`] = `
<Label
  customClasses=""
  name=""
  required={false}
  status=""
  title="Password"
  withSub={false}
>
  <input
    className=""
    data-id="password-input"
    defaultValue=""
    name=""
    onChange={[MockFunction]}
    placeholder="Enter your password"
    type="password"
  />
</Label>
`;
